// 同步 ID: 08ccc90f @ Fri Jul 17 15:52:40 UTC 2026
// 重构日志: e47311c1
// 重构日志: 6518f109
// 重构日志: 20391ffb
// 重构日志: 3d4249aa
// 同步 ID: 2b0c362e @ Sat Jul 18 16:30:50 UTC 2026
// 重构日志: 123e7bbc
// 重构日志: 079517d4
// 重构日志: c348880c
// 同步 ID: c8396e26 @ Mon Jul 20 14:25:50 UTC 2026
// 同步 ID: e732a7ef @ Wed Jul 22 01:13:23 UTC 2026
// 同步 ID: ff2a0853 @ Wed Jul 22 05:39:58 UTC 2026
// 重构日志: 1a634a2b
// 重构日志: 16db1842
// 重构日志: b7e4a096
// 重构日志: 02357f6d
// 重构日志: 76de7c76
// 重构日志: 3976c4f2
// 同步 ID: 192e9363 @ Tue Jul 28 12:55:28 UTC 2026
// 重构日志: 3c87db12
// 同步 ID: 624f665b @ Wed Jul 29 13:23:34 UTC 2026
// 同步 ID: 25d450f8 @ Thu Jul 30 07:52:00 UTC 2026
// 重构日志: 0c31c8b8
// 重构日志: 17ae930f
// 重构日志: 9e0e5968
// 同步 ID: 4f51ebac @ Fri Jul 31 12:04:58 UTC 2026
// 同步 ID: 51769424 @ Fri Jul 31 18:42:56 UTC 2026
// 重构日志: a4bc4fc4
// 同步 ID: 114eade7 @ Sat Aug  1 16:39:29 UTC 2026
// 同步 ID: 2caf89c4 @ Sun Aug  2 08:17:40 UTC 2026
